[     141ms] [ERROR] Failed to load resource: the server responded with a status of 404 (Not Found) @ http://localhost:1420/favicon.ico:0
[   10598ms] TypeError: Cannot read properties of undefined (reading 'invoke')
    at invoke (http://localhost:1420/node_modules/.vite/deps/@tauri-apps_api_core.js?v=df9173b5:111:37)
    at startNode (http://localhost:1420/src/lib/tauri.ts:6:10)
    at http://localhost:1420/src/hooks/useNodeStatus.ts:28:11
    at http://localhost:1420/src/App.tsx:32:11
    at HTMLUnknownElement.callCallback2 (http://localhost:1420/node_modules/.vite/deps/chunk-NXESFFTV.js?v=a4e4de28:3680:22)
    at Object.invokeGuardedCallbackDev (http://localhost:1420/node_modules/.vite/deps/chunk-NXESFFTV.js?v=a4e4de28:3705:24)
    at invokeGuardedCallback (http://localhost:1420/node_modules/.vite/deps/chunk-NXESFFTV.js?v=a4e4de28:3739:39)
    at invokeGuardedCallbackAndCatchFirstError (http://localhost:1420/node_modules/.vite/deps/chunk-NXESFFTV.js?v=a4e4de28:3742:33)
    at executeDispatch (http://localhost:1420/node_modules/.vite/deps/chunk-NXESFFTV.js?v=a4e4de28:7046:11)
    at processDispatchQueueItemsInOrder (http://localhost:1420/node_modules/.vite/deps/chunk-NXESFFTV.js?v=a4e4de28:7066:15)
[   19189ms] TypeError: Cannot read properties of undefined (reading 'invoke')
    at invoke (http://localhost:1420/node_modules/.vite/deps/@tauri-apps_api_core.js?v=df9173b5:111:37)
    at startNode (http://localhost:1420/src/lib/tauri.ts:6:10)
    at http://localhost:1420/src/hooks/useNodeStatus.ts:28:11
    at http://localhost:1420/src/App.tsx:32:11
    at HTMLUnknownElement.callCallback2 (http://localhost:1420/node_modules/.vite/deps/chunk-NXESFFTV.js?v=a4e4de28:3680:22)
    at Object.invokeGuardedCallbackDev (http://localhost:1420/node_modules/.vite/deps/chunk-NXESFFTV.js?v=a4e4de28:3705:24)
    at invokeGuardedCallback (http://localhost:1420/node_modules/.vite/deps/chunk-NXESFFTV.js?v=a4e4de28:3739:39)
    at invokeGuardedCallbackAndCatchFirstError (http://localhost:1420/node_modules/.vite/deps/chunk-NXESFFTV.js?v=a4e4de28:3742:33)
    at executeDispatch (http://localhost:1420/node_modules/.vite/deps/chunk-NXESFFTV.js?v=a4e4de28:7046:11)
    at processDispatchQueueItemsInOrder (http://localhost:1420/node_modules/.vite/deps/chunk-NXESFFTV.js?v=a4e4de28:7066:15)
